fsl_adapter_lpi2c.c:52:25:HAL_I2cGetStatus	24	static
fsl_adapter_lpi2c.c:96:13:HAL_I2cMasterCallback	40	static
fsl_adapter_lpi2c.c:109:13:HAL_I2cSlaveCallback	32	static
fsl_adapter_lpi2c.c:129:18:HAL_I2cMasterInit	48	static
fsl_adapter_lpi2c.c:150:18:HAL_I2cSlaveInit	56	static
fsl_adapter_lpi2c.c:171:18:HAL_I2cMasterDeinit	24	static
fsl_adapter_lpi2c.c:184:18:HAL_I2cSlaveDeinit	24	static
fsl_adapter_lpi2c.c:197:18:HAL_I2cMasterWriteBlocking	24	static
fsl_adapter_lpi2c.c:205:18:HAL_I2cMasterReadBlocking	24	static
fsl_adapter_lpi2c.c:213:18:HAL_I2cSlaveWriteBlocking	24	static
fsl_adapter_lpi2c.c:218:18:HAL_I2cSlaveReadBlocking	24	static
fsl_adapter_lpi2c.c:223:18:HAL_I2cMasterTransferBlocking	48	static
fsl_adapter_lpi2c.c:244:18:HAL_I2cMasterTransferInstallCallback	32	static
fsl_adapter_lpi2c.c:262:18:HAL_I2cMasterTransferNonBlocking	48	static
fsl_adapter_lpi2c.c:283:18:HAL_I2cMasterTransferGetCount	24	static
fsl_adapter_lpi2c.c:295:18:HAL_I2cMasterTransferAbort	24	static
fsl_adapter_lpi2c.c:307:18:HAL_I2cSlaveTransferInstallCallback	32	static
fsl_adapter_lpi2c.c:325:18:HAL_I2cSlaveTransferNonBlocking	24	static
fsl_adapter_lpi2c.c:337:18:HAL_I2cSlaveTransferAbort	24	static
fsl_adapter_lpi2c.c:350:18:HAL_I2cSlaveTransferGetCount	24	static
