fsl_clock.h:820:20:CLOCK_SetMux	24	static
fsl_clock.h:857:20:CLOCK_SetDiv	24	static
fsl_clock.h:893:20:CLOCK_ControlGate	32	static
fsl_clock.h:920:20:CLOCK_DisableClock	16	static
fsl_clock.h:1053:20:CLOCK_SetXtalFreq	16	static
fsl_clock.h:1063:20:CLOCK_SetRtcXtalFreq	16	static
fsl_clock.h:1107:20:CLOCK_SetPllBypass	24	static
fsl_iomuxc.h:517:20:IOMUXC_SetSaiMClkClockSource	24	static
fsl_iomuxc.h:577:20:IOMUXC_MQSConfig	24	static
clock_config.c:42:6:BOARD_InitBootClocks	8	static
clock_config.c:140:6:BOARD_BootClockRUN	8	static
