core_cm7.h:1902:22:__NVIC_EnableIRQ	16	static
fsl_clock.h:893:20:CLOCK_ControlGate	32	static
fsl_clock.h:910:20:CLOCK_EnableClock	16	static
fsl_clock.h:920:20:CLOCK_DisableClock	16	static
fsl_common.h:747:28:EnableIRQ	24	static
fsl_lpi2c.h:512:20:LPI2C_MasterReset	16	static
fsl_lpi2c.h:524:20:LPI2C_MasterEnable	16	static
fsl_lpi2c.h:546:24:LPI2C_MasterGetStatusFlags	16	static
fsl_lpi2c.h:571:20:LPI2C_MasterClearStatusFlags	16	static
fsl_lpi2c.h:591:20:LPI2C_MasterEnableInterrupts	16	static
fsl_lpi2c.h:606:20:LPI2C_MasterDisableInterrupts	16	static
fsl_lpi2c.h:618:24:LPI2C_MasterGetEnabledInterrupts	16	static
fsl_lpi2c.h:678:20:LPI2C_MasterSetWatermarks	24	static
fsl_lpi2c.h:692:20:LPI2C_MasterGetFifoCounts	24	static
fsl_lpi2c.h:995:20:LPI2C_SlaveReset	16	static
fsl_lpi2c.h:1029:24:LPI2C_SlaveGetStatusFlags	16	static
fsl_lpi2c.h:1051:20:LPI2C_SlaveClearStatusFlags	16	static
fsl_lpi2c.h:1071:20:LPI2C_SlaveEnableInterrupts	16	static
fsl_lpi2c.h:1086:20:LPI2C_SlaveDisableInterrupts	16	static
fsl_lpi2c.c:127:10:LPI2C_GetInstance	24	static
fsl_lpi2c.c:149:17:LPI2C_GetCyclesForWidth	32	static
fsl_lpi2c.c:187:10:LPI2C_MasterCheckAndClearError	24	static
fsl_lpi2c.c:241:17:LPI2C_MasterWaitForTxReady	32	static
fsl_lpi2c.c:289:10:LPI2C_CheckForBusyBus	24	static
fsl_lpi2c.c:326:6:LPI2C_MasterGetDefaultConfig	16	static
fsl_lpi2c.c:359:6:LPI2C_MasterInit	48	static
fsl_lpi2c.c:449:6:LPI2C_MasterDeinit	24	static
fsl_lpi2c.c:474:6:LPI2C_MasterConfigureDataMatch	24	static
fsl_lpi2c.c:505:6:LPI2C_MasterSetBaudRate	64	static
fsl_lpi2c.c:644:10:LPI2C_MasterStart	24	static
fsl_lpi2c.c:681:10:LPI2C_MasterStop	24	static
fsl_lpi2c.c:742:10:LPI2C_MasterReceive	40	static
fsl_lpi2c.c:823:10:LPI2C_MasterSend	32	static
fsl_lpi2c.c:862:10:LPI2C_MasterTransferBlocking	48	static
fsl_lpi2c.c:973:6:LPI2C_MasterTransferCreateHandle	32	static
fsl_lpi2c.c:1017:17:LPI2C_RunTransferStateMachine	56	static
fsl_lpi2c.c:1194:13:LPI2C_InitTransferStateMachine	40	static
fsl_lpi2c.c:1270:10:LPI2C_MasterTransferNonBlocking	40	static
fsl_lpi2c.c:1325:10:LPI2C_MasterTransferGetCount	40	static
fsl_lpi2c.c:1393:6:LPI2C_MasterTransferAbort	16	static
fsl_lpi2c.c:1418:6:LPI2C_MasterTransferHandleIRQ	40	static
fsl_lpi2c.c:1497:6:LPI2C_SlaveGetDefaultConfig	16	static
fsl_lpi2c.c:1533:6:LPI2C_SlaveInit	32	static
fsl_lpi2c.c:1589:6:LPI2C_SlaveDeinit	24	static
fsl_lpi2c.c:1616:17:LPI2C_SlaveCheckAndClearError	24	static
fsl_lpi2c.c:1656:10:LPI2C_SlaveSend	40	static
fsl_lpi2c.c:1743:10:LPI2C_SlaveReceive	40	static
fsl_lpi2c.c:1837:6:LPI2C_SlaveTransferCreateHandle	32	static
fsl_lpi2c.c:1894:10:LPI2C_SlaveTransferNonBlocking	32	static
fsl_lpi2c.c:1951:10:LPI2C_SlaveTransferGetCount	32	static
fsl_lpi2c.c:1986:6:LPI2C_SlaveTransferAbort	16	static
fsl_lpi2c.c:2014:6:LPI2C_SlaveTransferHandleIRQ	24	static
fsl_lpi2c.c:2169:13:LPI2C_CommonIRQHandler	16	static
fsl_lpi2c.c:2200:6:LPI2C1_DriverIRQHandler	8	static
fsl_lpi2c.c:2209:6:LPI2C2_DriverIRQHandler	8	static
