core_cm7.h:1902:22:__NVIC_EnableIRQ	16	static
fsl_clock.h:893:20:CLOCK_ControlGate	32	static
fsl_clock.h:910:20:CLOCK_EnableClock	16	static
fsl_clock.h:920:20:CLOCK_DisableClock	16	static
fsl_common.h:747:28:EnableIRQ	24	static
fsl_lpuart.h:281:20:LPUART_SoftwareReset	16	static
fsl_lpuart.c:113:10:LPUART_GetInstance	24	static
fsl_lpuart.c:137:8:LPUART_TransferGetRxRingBufferLength	32	static
fsl_lpuart.c:158:13:LPUART_TransferIsRxRingBufferFull	24	static
fsl_lpuart.c:175:13:LPUART_WriteNonBlocking	32	static
fsl_lpuart.c:189:13:LPUART_ReadNonBlocking	40	static
fsl_lpuart.c:243:10:LPUART_Init	56	static
fsl_lpuart.c:455:6:LPUART_Deinit	24	static
fsl_lpuart.c:519:6:LPUART_GetDefaultConfig	16	static
fsl_lpuart.c:564:10:LPUART_SetBaudRate	56	static
fsl_lpuart.c:652:6:LPUART_Enable9bitMode	24	static
fsl_lpuart.c:686:6:LPUART_SendAddress	24	static
fsl_lpuart.c:708:6:LPUART_EnableInterrupts	16	static
fsl_lpuart.c:732:6:LPUART_DisableInterrupts	16	static
fsl_lpuart.c:763:10:LPUART_GetEnabledInterrupts	24	static
fsl_lpuart.c:792:10:LPUART_GetStatusFlags	24	static
fsl_lpuart.c:823:10:LPUART_ClearStatusFlags	24	static
fsl_lpuart.c:876:10:LPUART_WriteBlocking	32	static
fsl_lpuart.c:941:10:LPUART_ReadBlocking	48	static
fsl_lpuart.c:1060:6:LPUART_TransferCreateHandle	40	static
fsl_lpuart.c:1125:6:LPUART_TransferStartRingBuffer	24	static
fsl_lpuart.c:1152:6:LPUART_TransferStopRingBuffer	16	static
fsl_lpuart.c:1187:10:LPUART_TransferSendNonBlocking	32	static
fsl_lpuart.c:1226:6:LPUART_TransferAbortSend	16	static
fsl_lpuart.c:1249:10:LPUART_TransferGetSendCount	32	static
fsl_lpuart.c:1307:10:LPUART_TransferReceiveNonBlocking	56	static
fsl_lpuart.c:1434:6:LPUART_TransferAbortReceive	16	static
fsl_lpuart.c:1463:10:LPUART_TransferGetReceiveCount	32	static
fsl_lpuart.c:1491:6:LPUART_TransferHandleIRQ	48	static
fsl_lpuart.c:1726:6:LPUART_TransferHandleErrorIRQ	16	static
fsl_lpuart.c:1821:6:LPUART1_DriverIRQHandler	8	static
fsl_lpuart.c:1846:6:LPUART2_DriverIRQHandler	8	static
fsl_lpuart.c:1870:6:LPUART3_DriverIRQHandler	8	static
fsl_lpuart.c:1894:6:LPUART4_DriverIRQHandler	8	static
