core_cm7.h:1902:22:__NVIC_EnableIRQ	16	static
fsl_clock.h:893:20:CLOCK_ControlGate	32	static
fsl_clock.h:910:20:CLOCK_EnableClock	16	static
fsl_clock.h:920:20:CLOCK_DisableClock	16	static
fsl_common.h:747:28:EnableIRQ	24	static
fsl_sai.h:904:20:SAI_TxClearStatusFlags	16	static
fsl_sai.h:929:20:SAI_RxClearStatusFlags	16	static
fsl_sai.h:1054:20:SAI_TxSetFIFOErrorContinue	16	static
fsl_sai.h:1075:20:SAI_RxSetFIFOErrorContinue	16	static
fsl_sai.h:1107:20:SAI_TxEnableInterrupts	16	static
fsl_sai.h:1124:20:SAI_RxEnableInterrupts	16	static
fsl_sai.h:1141:20:SAI_TxDisableInterrupts	16	static
fsl_sai.h:1158:20:SAI_RxDisableInterrupts	16	static
fsl_sai.c:165:13:SAI_RxGetEnabledInterruptStatus	32	static
fsl_sai.c:172:13:SAI_TxGetEnabledInterruptStatus	32	static
fsl_sai.c:259:17:SAI_GetInstance	24	static
fsl_sai.c:277:13:SAI_WriteNonBlocking	48	static
fsl_sai.c:310:13:SAI_ReadNonBlocking	40	static
fsl_sai.c:340:13:SAI_GetCommonConfig	24	static
fsl_sai.c:409:6:SAI_TxInit	24	static
fsl_sai.c:533:6:SAI_RxInit	24	static
fsl_sai.c:648:6:SAI_Init	16	static
fsl_sai.c:676:6:SAI_Deinit	16	static
fsl_sai.c:702:6:SAI_TxGetDefaultConfig	16	static
fsl_sai.c:736:6:SAI_RxGetDefaultConfig	16	static
fsl_sai.c:760:6:SAI_TxReset	16	static
fsl_sai.c:783:6:SAI_RxReset	16	static
fsl_sai.c:805:6:SAI_TxEnable	16	static
fsl_sai.c:835:6:SAI_RxEnable	16	static
fsl_sai.c:870:6:SAI_TxSoftwareReset	16	static
fsl_sai.c:889:6:SAI_RxSoftwareReset	16	static
fsl_sai.c:904:6:SAI_TxSetChannelFIFOMask	16	static
fsl_sai.c:917:6:SAI_RxSetChannelFIFOMask	16	static
fsl_sai.c:929:6:SAI_TxSetDataOrder	24	static
fsl_sai.c:943:6:SAI_RxSetDataOrder	24	static
fsl_sai.c:957:6:SAI_TxSetBitClockPolarity	24	static
fsl_sai.c:971:6:SAI_RxSetBitClockPolarity	24	static
fsl_sai.c:985:6:SAI_TxSetFrameSyncPolarity	24	static
fsl_sai.c:999:6:SAI_RxSetFrameSyncPolarity	24	static
fsl_sai.c:1014:6:SAI_TxSetFIFOPacking	24	static
fsl_sai.c:1029:6:SAI_RxSetFIFOPacking	24	static
fsl_sai.c:1048:6:SAI_TxSetBitClockRate	40	static
fsl_sai.c:1095:6:SAI_RxSetBitClockRate	40	static
fsl_sai.c:1140:6:SAI_TxSetBitclockConfig	32	static
fsl_sai.c:1167:6:SAI_RxSetBitclockConfig	32	static
fsl_sai.c:1230:6:SAI_TxSetFifoConfig	24	static
fsl_sai.c:1272:6:SAI_RxSetFifoConfig	24	static
fsl_sai.c:1310:6:SAI_TxSetFrameSyncConfig	32	static
fsl_sai.c:1339:6:SAI_RxSetFrameSyncConfig	32	static
fsl_sai.c:1367:6:SAI_TxSetSerialDataConfig	24	static
fsl_sai.c:1401:6:SAI_RxSetSerialDataConfig	24	static
fsl_sai.c:1423:6:SAI_TxSetConfig	24	static
fsl_sai.c:1525:6:SAI_TransferTxSetConfig	24	static
fsl_sai.c:1552:6:SAI_RxSetConfig	24	static
fsl_sai.c:1655:6:SAI_TransferRxSetConfig	24	static
fsl_sai.c:1683:6:SAI_GetClassicI2SConfig	24	static
fsl_sai.c:1699:6:SAI_GetLeftJustifiedConfig	24	static
fsl_sai.c:1721:6:SAI_GetRightJustifiedConfig	24	static
fsl_sai.c:1758:6:SAI_GetDSPConfig	16	static
fsl_sai.c:1791:6:SAI_GetTDMConfig	24	static
fsl_sai.c:1834:6:SAI_TxSetFormat	40	static
fsl_sai.c:1977:6:SAI_RxSetFormat	40	static
fsl_sai.c:2118:6:SAI_WriteBlocking	48	static
fsl_sai.c:2156:6:SAI_WriteMultiChannelBlocking	64	static
fsl_sai.c:2210:6:SAI_ReadMultiChannelBlocking	64	static
fsl_sai.c:2256:6:SAI_ReadBlocking	48	static
fsl_sai.c:2288:6:SAI_TransferTxCreateHandle	24	static
fsl_sai.c:2319:6:SAI_TransferRxCreateHandle	24	static
fsl_sai.c:2355:10:SAI_TransferTxSetFormat	24	static
fsl_sai.c:2405:10:SAI_TransferRxSetFormat	24	static
fsl_sai.c:2454:10:SAI_TransferSendNonBlocking	24	static
fsl_sai.c:2503:10:SAI_TransferReceiveNonBlocking	24	static
fsl_sai.c:2546:10:SAI_TransferGetSendCount	32	static
fsl_sai.c:2574:10:SAI_TransferGetReceiveCount	32	static
fsl_sai.c:2602:6:SAI_TransferAbortSend	16	static
fsl_sai.c:2632:6:SAI_TransferAbortReceive	16	static
fsl_sai.c:2662:6:SAI_TransferTerminateSend	16	static
fsl_sai.c:2686:6:SAI_TransferTerminateReceive	16	static
fsl_sai.c:2707:6:SAI_TransferTxHandleIRQ	56	static
fsl_sai.c:2784:6:SAI_TransferRxHandleIRQ	56	static
fsl_sai.c:3634:6:SAI1_DriverIRQHandler	8	static
fsl_sai.c:3690:6:SAI3_DriverIRQHandler	8	static
fsl_sai.c:3716:6:SAI3_TX_DriverIRQHandler	8	static
fsl_sai.c:3724:6:SAI3_RX_DriverIRQHandler	8	static
