instrumentation.h:195:3:ruy::profiler::ScopeLabel::~ScopeLabel()	16	static
gthr-default.h:229:1:int __gthread_key_delete(__gthread_key_t)	16	static
limits:525:7:static constexpr signed char std::numeric_limits<signed char>::min()	4	static
limits:528:7:static constexpr signed char std::numeric_limits<signed char>::max()	4	static
limits:532:7:static constexpr signed char std::numeric_limits<signed char>::lowest()	8	static
limits:595:7:static constexpr unsigned char std::numeric_limits<unsigned char>::min()	4	static
limits:598:7:static constexpr unsigned char std::numeric_limits<unsigned char>::max()	4	static
limits:1135:7:static constexpr unsigned int std::numeric_limits<unsigned int>::max()	4	static
limits:1204:7:static constexpr long int std::numeric_limits<long int>::min()	4	static
limits:1207:7:static constexpr long int std::numeric_limits<long int>::max()	4	static
limits:1274:7:static constexpr long unsigned int std::numeric_limits<long unsigned int>::max()	4	static
limits:1668:7:static constexpr float std::numeric_limits<float>::max()	4	static
limits:1672:7:static constexpr float std::numeric_limits<float>::lowest()	4	static
cmath:1756:3:constexpr float std::round(float)	16	static
fixedpoint.h:329:21:IntegerType gemmlowp::SaturatingRoundingDoublingHighMul(IntegerType, IntegerType) [with IntegerType = long int]	64	static
types.h:137:3:tflite::RuntimeShape::RuntimeShape()	16	static
types.h:156:3:tflite::RuntimeShape::RuntimeShape(int, const int32*)	24	static
types.h:178:3:tflite::RuntimeShape::~RuntimeShape()	16	static
types.h:188:16:int32 tflite::RuntimeShape::DimensionsCount() const	16	static
types.h:189:16:int32 tflite::RuntimeShape::Dims(int) const	16	static
types.h:194:15:void tflite::RuntimeShape::SetDim(int, int32)	24	static
types.h:204:17:int32* tflite::RuntimeShape::DimsData()	16	static
types.h:207:23:const int32* tflite::RuntimeShape::DimsData() const	16	static
types.h:211:23:const int32* tflite::RuntimeShape::DimsDataUpTo5D() const	16	static
types.h:213:15:void tflite::RuntimeShape::Resize(int)	16	static
types.h:231:15:void tflite::RuntimeShape::ReplaceWith(int, const int32*)	32	static
types.h:254:30:static tflite::RuntimeShape tflite::RuntimeShape::ExtendedShape(int, const tflite::RuntimeShape&)	24	static
types.h:280:3:tflite::RuntimeShape::RuntimeShape(int, const tflite::RuntimeShape&, int)	40	static
types.h:324:13:bool tflite::NextIndex(int, const int*, int*)	40	static
types.h:351:15:size_t tflite::ReducedOutputOffset(int, const int*, const int*, int, const int*)	40	static
types.h:379:12:int tflite::Offset(const tflite::RuntimeShape&, int, int, int, int)	32	static
common.h:153:14:int32 tflite::MultiplyByQuantizedMultiplier(int32, int32, int)	32	static
reduce.h:58:13:bool tflite::reference_ops::ResolveAxis(int, const int*, int64_t, int*, int*)	56	static
reduce.h:252:13:void tflite::reference_ops::Mean(const tflite::MeanParams&, const tflite::RuntimeShape&, const uint8_t*, int32, float, const tflite::RuntimeShape&, uint8_t*, int32, float)	176	static
tensor_ctypes.h:34:21:tflite::RuntimeShape tflite::GetTensorShape(const TfLiteTensor*)	32	static
kernel_util.h:31:28:const TfLiteTensor* tflite::GetInput(const TfLiteContext*, const TfLiteNode*, int)	24	static
kernel_util.h:43:22:TfLiteTensor* tflite::GetOutput(TfLiteContext*, const TfLiteNode*, int)	24	static
kernel_util.h:61:16:int64_t tflite::NumElements(const TfLiteIntArray*)	32	static
kernel_util.h:69:16:int64_t tflite::NumElements(const TfLiteTensor*)	16	static
reduce.cc:44:7:void* tflite::ops::micro::reduce::InitReduce(TfLiteContext*, const char*, size_t)	32	static
reduce.cc:54:14:TfLiteStatus tflite::ops::micro::reduce::PrepareSimple(TfLiteContext*, TfLiteNode*)	64	static
reduce.cc:83:14:TfLiteStatus tflite::ops::micro::reduce::PrepareMax(TfLiteContext*, TfLiteNode*)	48	static
reduce.cc:104:14:TfLiteStatus tflite::ops::micro::reduce::PrepareMeanOrSum(TfLiteContext*, TfLiteNode*)	56	static
reduce.cc:129:6:void tflite::ops::micro::reduce::ResolveAxis(const int*, int, tflite::MeanParams*)	32	static
reduce.cc:141:14:TfLiteStatus tflite::ops::micro::reduce::EvalMean(TfLiteContext*, TfLiteNode*)	336	static
reduce.cc:280:7:tflite::ops::micro::reduce::EvalMax(TfLiteContext*, TfLiteNode*)::<lambda(float, float)>	24	static
reduce.cc:280:7:static float tflite::ops::micro::reduce::EvalMax(TfLiteContext*, TfLiteNode*)::<lambda(float, float)>::_FUN(float, float)	16	static
reduce.cc:280:7:tflite::ops::micro::reduce::EvalMax(TfLiteContext*, TfLiteNode*)::<lambda(float, float)>::operator float (*)(float, float)() const	16	static
reduce.cc:297:7:tflite::ops::micro::reduce::EvalMax(TfLiteContext*, TfLiteNode*)::<lambda(int8_t, int8_t)>	16	static
reduce.cc:297:7:static int8_t tflite::ops::micro::reduce::EvalMax(TfLiteContext*, TfLiteNode*)::<lambda(int8_t, int8_t)>::_FUN(int8_t, int8_t)	16	static
reduce.cc:297:7:tflite::ops::micro::reduce::EvalMax(TfLiteContext*, TfLiteNode*)::<lambda(int8_t, int8_t)>::operator int8_t (*)(int8_t, int8_t)() const	16	static
reduce.cc:263:14:TfLiteStatus tflite::ops::micro::reduce::EvalMax(TfLiteContext*, TfLiteNode*)	160	static
reduce.cc:320:21:TfLiteRegistration* tflite::ops::micro::Register_MEAN()	4	static
reduce.cc:332:21:TfLiteRegistration* tflite::ops::micro::Register_REDUCE_MAX()	4	static
stl_algobase.h:222:5:constexpr const _Tp& std::max(const _Tp&, const _Tp&) [with _Tp = long int]	16	static
stl_algobase.h:198:5:constexpr const _Tp& std::min(const _Tp&, const _Tp&) [with _Tp = long int]	16	static
stl_algobase.h:222:5:constexpr const _Tp& std::max(const _Tp&, const _Tp&) [with _Tp = float]	16	static
stl_algobase.h:198:5:constexpr const _Tp& std::min(const _Tp&, const _Tp&) [with _Tp = float]	16	static
fixedpoint.h:357:20:IntegerType gemmlowp::RoundingDivideByPOT(IntegerType, int) [with IntegerType = long int]	56	static
instrumentation.h:191:12:) [with Args = {const char*}]	16	static
tensor_ctypes.h:29:17:const T* tflite::GetTensorData(const TfLiteTensor*) [with T = int]	16	static
tensor_ctypes.h:29:17:const T* tflite::GetTensorData(const TfLiteTensor*) [with T = float]	16	static
tensor_ctypes.h:24:11:T* tflite::GetTensorData(TfLiteTensor*) [with T = float]	16	static
reduce.h:209:13:void tflite::reference_ops::Mean(const tflite::MeanParams&, const tflite::RuntimeShape&, const T*, const tflite::RuntimeShape&, T*) [with T = float]	136	static
reduce.h:154:13:bool tflite::reference_ops::Mean(const T*, const int*, int, T*, const int*, int, const int*, int, bool, int*, int*, U*) [with T = float; U = float]	104	static
tensor_ctypes.h:29:17:const T* tflite::GetTensorData(const TfLiteTensor*) [with T = signed char]	16	static
tensor_ctypes.h:24:11:T* tflite::GetTensorData(TfLiteTensor*) [with T = signed char]	16	static
mean.h:21:13:void tflite::reference_integer_ops::Mean(const tflite::MeanParams&, int32_t, int32_t, const tflite::RuntimeShape&, const integer_type*, int32_t, const tflite::RuntimeShape&, integer_type*, int32_t) [with integer_type = signed char]	136	static
reduce.h:154:13:bool tflite::reference_ops::Mean(const T*, const int*, int, T*, const int*, int, const int*, int, bool, int*, int*, U*) [with T = signed char; U = long int]	96	static
reduce.h:315:13:bool tflite::reference_ops::QuantizedMeanOrSum(const T*, int32, float, const int*, int, T*, int32, float, const int*, int, const int*, int, bool, int*, int*, U*, bool) [with T = signed char; U = long int]	152	static
tensor_ctypes.h:29:17:const T* tflite::GetTensorData(const TfLiteTensor*) [with T = unsigned char]	16	static
tensor_ctypes.h:24:11:T* tflite::GetTensorData(TfLiteTensor*) [with T = unsigned char]	16	static
reduce.h:154:13:bool tflite::reference_ops::Mean(const T*, const int*, int, T*, const int*, int, const int*, int, bool, int*, int*, U*) [with T = unsigned char; U = long unsigned int]	96	static
reduce.h:315:13:bool tflite::reference_ops::QuantizedMeanOrSum(const T*, int32, float, const int*, int, T*, int32, float, const int*, int, const int*, int, bool, int*, int*, U*, bool) [with T = unsigned char; U = long unsigned int]	152	static
reduce.h:125:13:bool tflite::reference_ops::ReduceGeneric(const T*, const int*, int, T*, const int*, int, const int*, int64_t, bool, int*, int*, T, T (*)(T, T)) [with T = float]	64	static
reduce.h:125:13:bool tflite::reference_ops::ReduceGeneric(const T*, const int*, int, T*, const int*, int, const int*, int64_t, bool, int*, int*, T, T (*)(T, T)) [with T = signed char]	56	static
fixedpoint.h:64:10:tRawType gemmlowp::Dup(typename gemmlowp::FixedPointRawTypeTraits<tRawType>::ScalarRawType) [with tRawType = long int]	16	static
fixedpoint.h:70:14:tIntegerType gemmlowp::BitAnd(tIntegerType, tIntegerType) [with tIntegerType = long int]	16	static
fixedpoint.h:140:14:tIntegerType gemmlowp::ShiftRight(tIntegerType, int) [with tIntegerType = long int]	16	static
fixedpoint.h:199:14:tIntegerType gemmlowp::MaskIfLessThan(tIntegerType, tIntegerType) [with tIntegerType = long int]	16	static
fixedpoint.h:94:14:tIntegerType gemmlowp::Add(tIntegerType, tIntegerType) [with tIntegerType = long int]	16	static
fixedpoint.h:185:14:tIntegerType gemmlowp::MaskIfGreaterThan(tIntegerType, tIntegerType) [with tIntegerType = long int]	16	static
reduce.h:95:18:tflite::reference_ops::ReduceSumImpl(const In*, const int*, const int*, int, int, const int*, int, int*, Out*) [with In = float; Out = float]::<lambda(float, float)>	32	static
reduce.h:95:18:static float tflite::reference_ops::ReduceSumImpl(const In*, const int*, const int*, int, int, const int*, int, int*, Out*) [with In = float; Out = float]::<lambda(float, float)>::_FUN(float, float)	16	static
reduce.h:95:18:tflite::reference_ops::ReduceSumImpl(const In*, const int*, const int*, int, int, const int*, int, int*, Out*) [with In = float; Out = float]::<lambda(float, float)>::operator float (*)(float, float)() const	16	static
reduce.h:90:13:bool tflite::reference_ops::ReduceSumImpl(const In*, const int*, const int*, int, int, const int*, int, int*, Out*) [with In = float; Out = float]	56	static
reduce.h:95:18:tflite::reference_ops::ReduceSumImpl(const In*, const int*, const int*, int, int, const int*, int, int*, Out*) [with In = signed char; Out = long int]::<lambda(long int, signed char)>	32	static
reduce.h:95:18:static long int tflite::reference_ops::ReduceSumImpl(const In*, const int*, const int*, int, int, const int*, int, int*, Out*) [with In = signed char; Out = long int]::<lambda(long int, signed char)>::_FUN(long int, signed char)	16	static
reduce.h:95:18:tflite::reference_ops::ReduceSumImpl(const In*, const int*, const int*, int, int, const int*, int, int*, Out*) [with In = signed char; Out = long int]::<lambda(long int, signed char)>::operator long int (*)(long int, signed char)() const	16	static
reduce.h:90:13:bool tflite::reference_ops::ReduceSumImpl(const In*, const int*, const int*, int, int, const int*, int, int*, Out*) [with In = signed char; Out = long int]	56	static
cppmath.h:36:1:T tflite::TfLiteRound(T) [with T = float]	16	static
min.h:24:10:T tflite::TfLiteMin(const T&, const T&) [with T = float]	16	static
max.h:24:10:T tflite::TfLiteMax(const T&, const T&) [with T = float]	16	static
reduce.h:95:18:tflite::reference_ops::ReduceSumImpl(const In*, const int*, const int*, int, int, const int*, int, int*, Out*) [with In = unsigned char; Out = long unsigned int]::<lambda(long unsigned int, unsigned char)>	32	static
reduce.h:95:18:static long unsigned int tflite::reference_ops::ReduceSumImpl(const In*, const int*, const int*, int, int, const int*, int, int*, Out*) [with In = unsigned char; Out = long unsigned int]::<lambda(long unsigned int, unsigned char)>::_FUN(long unsigned int, unsigned char)	16	static
reduce.h:95:18:tflite::reference_ops::ReduceSumImpl(const In*, const int*, const int*, int, int, const int*, int, int*, Out*) [with In = unsigned char; Out = long unsigned int]::<lambda(long unsigned int, unsigned char)>::operator long unsigned int (*)(long unsigned int, unsigned char)() const	16	static
reduce.h:90:13:bool tflite::reference_ops::ReduceSumImpl(const In*, const int*, const int*, int, int, const int*, int, int*, Out*) [with In = unsigned char; Out = long unsigned int]	56	static
reduce.h:105:13:bool tflite::reference_ops::InitTensorDataForReduce(const int*, int, T, T*) [with T = float]	40	static
reduce.h:34:13:bool tflite::reference_ops::Reduce(const In*, const int*, const int*, int, int, const int*, int, int*, Out (*)(Out, In), Out*) [with In = float; Out = float]	56	static
reduce.h:105:13:bool tflite::reference_ops::InitTensorDataForReduce(const int*, int, T, T*) [with T = signed char]	40	static
reduce.h:34:13:bool tflite::reference_ops::Reduce(const In*, const int*, const int*, int, int, const int*, int, int*, Out (*)(Out, In), Out*) [with In = signed char; Out = signed char]	56	static
fixedpoint.h:156:14:tIntegerType gemmlowp::MaskIfNonZero(tIntegerType) [with tIntegerType = long int]	16	static
reduce.h:34:13:bool tflite::reference_ops::Reduce(const In*, const int*, const int*, int, int, const int*, int, int*, Out (*)(Out, In), Out*) [with In = signed char; Out = long int]	56	static
reduce.h:34:13:bool tflite::reference_ops::Reduce(const In*, const int*, const int*, int, int, const int*, int, int*, Out (*)(Out, In), Out*) [with In = unsigned char; Out = long unsigned int]	56	static
fixedpoint.h:88:14:tIntegerType gemmlowp::BitNot(tIntegerType) [with tIntegerType = long int]	16	static
