startup_mimxrt1011.cpp:388:6:void data_init(unsigned int, unsigned int, unsigned int)	4	static
startup_mimxrt1011.cpp:397:6:void bss_init(unsigned int, unsigned int)	0	static
startup_mimxrt1011.cpp:422:6:void ResetISR()	8	static
startup_mimxrt1011.cpp:516:14:void NMI_Handler()	0	static
startup_mimxrt1011.cpp:520:14:void HardFault_Handler()	0	static
startup_mimxrt1011.cpp:524:14:void MemManage_Handler()	0	static
startup_mimxrt1011.cpp:528:14:void BusFault_Handler()	0	static
startup_mimxrt1011.cpp:532:14:void UsageFault_Handler()	0	static
startup_mimxrt1011.cpp:536:14:void SVC_Handler()	0	static
startup_mimxrt1011.cpp:540:14:void DebugMon_Handler()	0	static
startup_mimxrt1011.cpp:544:14:void PendSV_Handler()	0	static
startup_mimxrt1011.cpp:548:14:void SysTick_Handler()	0	static
startup_mimxrt1011.cpp:556:14:void IntDefaultHandler()	0	static
startup_mimxrt1011.cpp:566:11:void DMA0_IRQHandler()	8	static
startup_mimxrt1011.cpp:570:11:void DMA1_IRQHandler()	8	static
startup_mimxrt1011.cpp:574:11:void DMA2_IRQHandler()	8	static
startup_mimxrt1011.cpp:578:11:void DMA3_IRQHandler()	8	static
startup_mimxrt1011.cpp:582:11:void DMA4_IRQHandler()	8	static
startup_mimxrt1011.cpp:586:11:void DMA5_IRQHandler()	8	static
startup_mimxrt1011.cpp:590:11:void DMA6_IRQHandler()	8	static
startup_mimxrt1011.cpp:594:11:void DMA7_IRQHandler()	8	static
startup_mimxrt1011.cpp:598:11:void DMA8_IRQHandler()	8	static
startup_mimxrt1011.cpp:602:11:void DMA9_IRQHandler()	8	static
startup_mimxrt1011.cpp:606:11:void DMA10_IRQHandler()	8	static
startup_mimxrt1011.cpp:610:11:void DMA11_IRQHandler()	8	static
startup_mimxrt1011.cpp:614:11:void DMA12_IRQHandler()	8	static
startup_mimxrt1011.cpp:618:11:void DMA13_IRQHandler()	8	static
startup_mimxrt1011.cpp:622:11:void DMA14_IRQHandler()	8	static
startup_mimxrt1011.cpp:626:11:void DMA15_IRQHandler()	8	static
startup_mimxrt1011.cpp:630:11:void DMA_ERROR_IRQHandler()	8	static
startup_mimxrt1011.cpp:634:11:void CTI0_ERROR_IRQHandler()	8	static
startup_mimxrt1011.cpp:638:11:void CTI1_ERROR_IRQHandler()	8	static
startup_mimxrt1011.cpp:642:11:void CORE_IRQHandler()	8	static
startup_mimxrt1011.cpp:646:11:void LPUART1_IRQHandler()	8	static
startup_mimxrt1011.cpp:650:11:void LPUART2_IRQHandler()	8	static
startup_mimxrt1011.cpp:654:11:void LPUART3_IRQHandler()	8	static
startup_mimxrt1011.cpp:658:11:void LPUART4_IRQHandler()	8	static
startup_mimxrt1011.cpp:662:11:void PIT_IRQHandler()	8	static
startup_mimxrt1011.cpp:666:11:void USB_OTG1_IRQHandler()	8	static
startup_mimxrt1011.cpp:670:11:void FLEXSPI_IRQHandler()	8	static
startup_mimxrt1011.cpp:674:11:void FLEXRAM_IRQHandler()	8	static
startup_mimxrt1011.cpp:678:11:void LPI2C1_IRQHandler()	8	static
startup_mimxrt1011.cpp:682:11:void LPI2C2_IRQHandler()	8	static
startup_mimxrt1011.cpp:686:11:void GPT1_IRQHandler()	8	static
startup_mimxrt1011.cpp:690:11:void GPT2_IRQHandler()	8	static
startup_mimxrt1011.cpp:694:11:void LPSPI1_IRQHandler()	8	static
startup_mimxrt1011.cpp:698:11:void LPSPI2_IRQHandler()	8	static
startup_mimxrt1011.cpp:702:11:void PWM1_0_IRQHandler()	8	static
startup_mimxrt1011.cpp:706:11:void PWM1_1_IRQHandler()	8	static
startup_mimxrt1011.cpp:710:11:void PWM1_2_IRQHandler()	8	static
startup_mimxrt1011.cpp:714:11:void PWM1_3_IRQHandler()	8	static
startup_mimxrt1011.cpp:718:11:void PWM1_FAULT_IRQHandler()	8	static
startup_mimxrt1011.cpp:722:11:void KPP_IRQHandler()	8	static
startup_mimxrt1011.cpp:726:11:void SRC_IRQHandler()	8	static
startup_mimxrt1011.cpp:730:11:void GPR_IRQ_IRQHandler()	8	static
startup_mimxrt1011.cpp:734:11:void CCM_1_IRQHandler()	8	static
startup_mimxrt1011.cpp:738:11:void CCM_2_IRQHandler()	8	static
startup_mimxrt1011.cpp:742:11:void EWM_IRQHandler()	8	static
startup_mimxrt1011.cpp:746:11:void WDOG2_IRQHandler()	8	static
startup_mimxrt1011.cpp:750:11:void SNVS_HP_WRAPPER_IRQHandler()	8	static
startup_mimxrt1011.cpp:754:11:void SNVS_HP_WRAPPER_TZ_IRQHandler()	8	static
startup_mimxrt1011.cpp:758:11:void SNVS_LP_WRAPPER_IRQHandler()	8	static
startup_mimxrt1011.cpp:762:11:void CSU_IRQHandler()	8	static
startup_mimxrt1011.cpp:766:11:void DCP_IRQHandler()	8	static
startup_mimxrt1011.cpp:770:11:void DCP_VMI_IRQHandler()	8	static
startup_mimxrt1011.cpp:774:11:void Reserved68_IRQHandler()	8	static
startup_mimxrt1011.cpp:778:11:void TRNG_IRQHandler()	8	static
startup_mimxrt1011.cpp:782:11:void Reserved70_IRQHandler()	8	static
startup_mimxrt1011.cpp:786:11:void Reserved71_IRQHandler()	8	static
startup_mimxrt1011.cpp:790:11:void SAI1_IRQHandler()	8	static
startup_mimxrt1011.cpp:794:11:void RTWDOG_IRQHandler()	8	static
startup_mimxrt1011.cpp:798:11:void SAI3_RX_IRQHandler()	8	static
startup_mimxrt1011.cpp:802:11:void SAI3_TX_IRQHandler()	8	static
startup_mimxrt1011.cpp:806:11:void SPDIF_IRQHandler()	8	static
startup_mimxrt1011.cpp:810:11:void PMU_IRQHandler()	8	static
startup_mimxrt1011.cpp:814:11:void XBAR1_IRQ_0_1_2_3_IRQHandler()	8	static
startup_mimxrt1011.cpp:818:11:void TEMP_LOW_HIGH_IRQHandler()	8	static
startup_mimxrt1011.cpp:822:11:void TEMP_PANIC_IRQHandler()	8	static
startup_mimxrt1011.cpp:826:11:void USB_PHY_IRQHandler()	8	static
startup_mimxrt1011.cpp:830:11:void GPC_IRQHandler()	8	static
startup_mimxrt1011.cpp:834:11:void ADC1_IRQHandler()	8	static
startup_mimxrt1011.cpp:838:11:void FLEXIO1_IRQHandler()	8	static
startup_mimxrt1011.cpp:842:11:void DCDC_IRQHandler()	8	static
startup_mimxrt1011.cpp:846:11:void GPIO1_Combined_0_15_IRQHandler()	8	static
startup_mimxrt1011.cpp:850:11:void GPIO1_Combined_16_31_IRQHandler()	8	static
startup_mimxrt1011.cpp:854:11:void GPIO2_Combined_0_15_IRQHandler()	8	static
startup_mimxrt1011.cpp:858:11:void GPIO5_Combined_0_15_IRQHandler()	8	static
startup_mimxrt1011.cpp:862:11:void WDOG1_IRQHandler()	8	static
startup_mimxrt1011.cpp:866:11:void ADC_ETC_IRQ0_IRQHandler()	8	static
startup_mimxrt1011.cpp:870:11:void ADC_ETC_IRQ1_IRQHandler()	8	static
startup_mimxrt1011.cpp:874:11:void ADC_ETC_IRQ2_IRQHandler()	8	static
startup_mimxrt1011.cpp:878:11:void ADC_ETC_IRQ3_IRQHandler()	8	static
startup_mimxrt1011.cpp:882:11:void ADC_ETC_ERROR_IRQ_IRQHandler()	8	static
